"Aragorn",{"appearance":{"height":"tall"}}
"Arwen",{"appearance":{"overall":"beautiful"}}
"Elrond",{}
"Eowyn",{"appearance":{"overall":"beautiful"}}
"Bilbo",{}
"Boromir",{"location":{"beginFellowship":"travelling","beginTwoTowers":"dead"}}
"Frodo",{}
"Gandalf",{"location":{"beginTwoTowers":"dead"}}
"Tom Bombadil",{}
