"Aragorn","appearance","height","tall"
"Arwen","appearance","overall","beautiful"
"Eowyn","appearance","overall","beautiful"
"Boromir","location","beginFellowship","travelling"
"Boromir","location","beginTwoTowers","dead"
"Gandalf","location","beginTwoTowers","dead"
