"Aragorn",{}
"Arwen",{}
"Elrond",{}
"Eowyn",{}
"Bilbo",{}
"Boromir",{"beginFellowship":"travelling","beginTwoTowers":"dead"}
"Frodo",{}
"Gandalf",{"beginTwoTowers":"dead"}
"Tom Bombadil",{}
