"Harry","location","beginFellowship","",0
"Aragorn","location","beginFellowship","",0
"Gandalf","appearance","beard","",0
"Frodo","location","beginFellowship","",0
