"Kaineus","Iliad",8
"Kalchas","Iliad",24
"Killa","Iliad",16
"Klytaimnestra","Iliad",8
"Know","Iliad",8
"Kronion","Iliad",8
"Kronions","Iliad",8
"Kronos","Iliad",24
"Kronos:","Iliad",16
