"Achaia","Iliad",8
"Achaian","Iliad",16
"Achaians","Iliad",312
"Achilles","Iliad",160
"Achilles:","Iliad",8
"Agamemnon","Iliad",120
"Ah","Iliad",16
"Aias","Iliad",16
"Aigaion","Iliad",8
"Aigeus","Iliad",8
"Alas","Iliad",8
"All","Iliad",24
"Ancient","Iliad",16
"Anon","Iliad",8
"Apollo","Iliad",144
"Argives","Iliad",32
"Argos","Iliad",8
"Athene","Iliad",40
"Atreides","Iliad",72
"Atreus","Iliad",104
"Averter","Iliad",8
"Briareus","Iliad",8
"Briseis","Iliad",32
"Briseus","Iliad",8
"Chryse","Iliad",40
"Chryseis","Iliad",48
"Chryses","Iliad",32
"Danaans","Iliad",64
"Dawn","Iliad",8
"Dost","Iliad",8
"Dryas","Iliad",8
"Eetion","Iliad",8
"Ethiopians","Iliad",8
"Eurybates","Iliad",8
"Evil","Iliad",8
"Exadios","Iliad",8
"Far","Iliad",8
"Far-darter","Iliad",80
"Father","Iliad",8
"First","Iliad",8
"Folk-devouring","Iliad",8
"God","Iliad",8
"Goddess","Iliad",8
"Hades","Iliad",8
"Hector","Iliad",8
"Hephaistos","Iliad",24
"Her","Iliad",8
"Hera","Iliad",96
"Hera:","Iliad",8
"Him","Iliad",8
"Idomeneus","Iliad",8
"Ilios","Iliad",8
"Immortals]","Iliad",8
"Kaineus","Iliad",8
"Kalchas","Iliad",24
"Killa","Iliad",16
"Klytaimnestra","Iliad",8
"Know","Iliad",8
"Kronion","Iliad",8
"Kronions","Iliad",8
"Kronos","Iliad",24
"Kronos:","Iliad",16
"Lady","Iliad",8
"Lemnos","Iliad",8
"Leto","Iliad",16
"Menelaos","Iliad",8
"Menoitios","Iliad",8
"Mightiest","Iliad",8
"Moreover","Iliad",8
"Mother","Iliad",8
"Mountain","Iliad",8
"Muses","Iliad",8
"My","Iliad",8
"Myrmidons","Iliad",16
"Neither","Iliad",16
"Nestor","Iliad",8
"Odysseus","Iliad",40
"Okeanos","Iliad",8
"Olympian","Iliad",40
"Olympians","Iliad",8
"Olympus","Iliad",112
"Pallas","Iliad",16
"Patroklos","Iliad",16
"Peirithoos","Iliad",8
"Peleides","Iliad",24
"Peleus","Iliad",56
"Phoebus","Iliad",48
"Phthia","Iliad",16
"Polyphemos","Iliad",8
"Poseidon","Iliad",8
"Priam","Iliad",16
"Priams","Iliad",8
"Pylians","Iliad",8
"Pylos","Iliad",16
"Sintian","Iliad",8
"Smintheus!","Iliad",8
"Son","Iliad",8
"Speak","Iliad",8
"Sword","Iliad",8
"Talthybios","Iliad",8
"Tenedos","Iliad",16
"Thebe","Iliad",8
"Theseus","Iliad",8
"Thestor","Iliad",8
"Thetis","Iliad",40
"Thus","Iliad",16
"Trojan","Iliad",16
"Trojans","Iliad",40
"Troy-land","Iliad",8
"Zeus","Iliad",240
"Zeus--who","Iliad",8
"Zeus?","Iliad",8
"[Patroklos]","Iliad",8
"wordTotal","Iliad",51928
